// Vitest Snapshot v1, https://vitest.dev/guide/snapshot.html

exports[`Generated updates should match the previous snapshot 1`] = `
[
  {
    "askCents": 31114,
    "askQuantity": 3149,
    "bidCents": 31106,
    "bidQuantity": 199,
    "instrument": "DIVK",
    "lastPriceCents": 35348,
    "priceCents": 31106,
    "time": 1735689600000n,
    "tradeQuantity": 3348,
  },
  {
    "askCents": 172503,
    "askQuantity": 2170,
    "bidCents": 172498,
    "bidQuantity": 1975,
    "instrument": "SFUA",
    "lastPriceCents": 200579,
    "priceCents": 172498,
    "time": 1735689600000n,
    "tradeQuantity": 4145,
  },
  {
    "askCents": 369157,
    "askQuantity": 1424,
    "bidCents": 369156,
    "bidQuantity": 1341,
    "instrument": "NRHG",
    "lastPriceCents": 384537,
    "priceCents": 369156,
    "time": 1735689600000n,
    "tradeQuantity": 2765,
  },
  {
    "askCents": 393284,
    "askQuantity": 2138,
    "bidCents": 393280,
    "bidQuantity": 2715,
    "instrument": "NRHG",
    "lastPriceCents": 381825,
    "priceCents": 393280,
    "time": 1735689600000n,
    "tradeQuantity": 4853,
  },
  {
    "askCents": 339876,
    "askQuantity": 341,
    "bidCents": 339872,
    "bidQuantity": 138,
    "instrument": "SFUA",
    "lastPriceCents": 386218,
    "priceCents": 339876,
    "time": 1735689600000n,
    "tradeQuantity": 479,
  },
  {
    "askCents": 252937,
    "askQuantity": 237,
    "bidCents": 252929,
    "bidQuantity": 259,
    "instrument": "DIVK",
    "lastPriceCents": 290723,
    "priceCents": 252929,
    "time": 1735689600000n,
    "tradeQuantity": 496,
  },
  {
    "askCents": 346344,
    "askQuantity": 162,
    "bidCents": 346342,
    "bidQuantity": 1203,
    "instrument": "SFUA",
    "lastPriceCents": 398094,
    "priceCents": 346344,
    "time": 1735689600000n,
    "tradeQuantity": 1365,
  },
  {
    "askCents": 350973,
    "askQuantity": 690,
    "bidCents": 350966,
    "bidQuantity": 97,
    "instrument": "NRHG",
    "lastPriceCents": 389962,
    "priceCents": 350966,
    "time": 1735689600000n,
    "tradeQuantity": 787,
  },
  {
    "askCents": 386546,
    "askQuantity": 1360,
    "bidCents": 386541,
    "bidQuantity": 1244,
    "instrument": "KCYW",
    "lastPriceCents": 378962,
    "priceCents": 386546,
    "time": 1735689600000n,
    "tradeQuantity": 2604,
  },
  {
    "askCents": 199403,
    "askQuantity": 643,
    "bidCents": 199397,
    "bidQuantity": 369,
    "instrument": "GRRG",
    "lastPriceCents": 205564,
    "priceCents": 199397,
    "time": 1735689600000n,
    "tradeQuantity": 1012,
  },
  {
    "askCents": 154677,
    "askQuantity": 826,
    "bidCents": 154670,
    "bidQuantity": 1127,
    "instrument": "AEMY",
    "lastPriceCents": 159454,
    "priceCents": 154670,
    "time": 1735689600000n,
    "tradeQuantity": 1953,
  },
  {
    "askCents": 108469,
    "askQuantity": 960,
    "bidCents": 108457,
    "bidQuantity": 3368,
    "instrument": "GRRG",
    "lastPriceCents": 98597,
    "priceCents": 108469,
    "time": 1735689600000n,
    "tradeQuantity": 4328,
  },
  {
    "askCents": 240612,
    "askQuantity": 1368,
    "bidCents": 240600,
    "bidQuantity": 828,
    "instrument": "AEMY",
    "lastPriceCents": 264396,
    "priceCents": 240612,
    "time": 1735689600000n,
    "tradeQuantity": 2196,
  },
  {
    "askCents": 396089,
    "askQuantity": 3035,
    "bidCents": 396080,
    "bidQuantity": 141,
    "instrument": "DIVK",
    "lastPriceCents": 392158,
    "priceCents": 396080,
    "time": 1735689600000n,
    "tradeQuantity": 3176,
  },
  {
    "askCents": 82819,
    "askQuantity": 453,
    "bidCents": 82804,
    "bidQuantity": 262,
    "instrument": "AEMY",
    "lastPriceCents": 75276,
    "priceCents": 82804,
    "time": 1735689600000n,
    "tradeQuantity": 715,
  },
  {
    "askCents": 164709,
    "askQuantity": 1975,
    "bidCents": 164698,
    "bidQuantity": 434,
    "instrument": "OXWH",
    "lastPriceCents": 166362,
    "priceCents": 164709,
    "time": 1735689600000n,
    "tradeQuantity": 2409,
  },
  {
    "askCents": 214650,
    "askQuantity": 1142,
    "bidCents": 214648,
    "bidQuantity": 2571,
    "instrument": "SFUA",
    "lastPriceCents": 225945,
    "priceCents": 214648,
    "time": 1735689600000n,
    "tradeQuantity": 3713,
  },
  {
    "askCents": 75028,
    "askQuantity": 221,
    "bidCents": 75021,
    "bidQuantity": 836,
    "instrument": "GRRG",
    "lastPriceCents": 78147,
    "priceCents": 75021,
    "time": 1735689600000n,
    "tradeQuantity": 1057,
  },
  {
    "askCents": 241952,
    "askQuantity": 1441,
    "bidCents": 241944,
    "bidQuantity": 356,
    "instrument": "AEMY",
    "lastPriceCents": 281330,
    "priceCents": 241952,
    "time": 1735689600000n,
    "tradeQuantity": 1797,
  },
  {
    "askCents": 253771,
    "askQuantity": 4270,
    "bidCents": 253769,
    "bidQuantity": 590,
    "instrument": "NRHG",
    "lastPriceCents": 253769,
    "priceCents": 253771,
    "time": 1735689600000n,
    "tradeQuantity": 4860,
  },
  {
    "askCents": 277794,
    "askQuantity": 3,
    "bidCents": 277783,
    "bidQuantity": 47,
    "instrument": "SFUA",
    "lastPriceCents": 269692,
    "priceCents": 277794,
    "time": 1735689600000n,
    "tradeQuantity": 50,
  },
  {
    "askCents": 224511,
    "askQuantity": 4866,
    "bidCents": 224504,
    "bidQuantity": 116,
    "instrument": "SFUA",
    "lastPriceCents": 236320,
    "priceCents": 224511,
    "time": 1735689600000n,
    "tradeQuantity": 4982,
  },
  {
    "askCents": 250708,
    "askQuantity": 3856,
    "bidCents": 250706,
    "bidQuantity": 858,
    "instrument": "AEMY",
    "lastPriceCents": 269576,
    "priceCents": 250706,
    "time": 1735689600000n,
    "tradeQuantity": 4714,
  },
  {
    "askCents": 273097,
    "askQuantity": 1240,
    "bidCents": 273087,
    "bidQuantity": 761,
    "instrument": "IXPF",
    "lastPriceCents": 296834,
    "priceCents": 273087,
    "time": 1735689600000n,
    "tradeQuantity": 2001,
  },
  {
    "askCents": 329473,
    "askQuantity": 208,
    "bidCents": 329472,
    "bidQuantity": 3872,
    "instrument": "OXWH",
    "lastPriceCents": 378704,
    "priceCents": 329473,
    "time": 1735689600000n,
    "tradeQuantity": 4080,
  },
  {
    "askCents": 399357,
    "askQuantity": 2499,
    "bidCents": 399353,
    "bidQuantity": 1285,
    "instrument": "IXPF",
    "lastPriceCents": 395399,
    "priceCents": 399353,
    "time": 1735689600000n,
    "tradeQuantity": 3784,
  },
  {
    "askCents": 93894,
    "askQuantity": 2671,
    "bidCents": 93882,
    "bidQuantity": 906,
    "instrument": "SFUA",
    "lastPriceCents": 93882,
    "priceCents": 93882,
    "time": 1735689600000n,
    "tradeQuantity": 3577,
  },
  {
    "askCents": 5920,
    "askQuantity": 1148,
    "bidCents": 5918,
    "bidQuantity": 236,
    "instrument": "IXPF",
    "lastPriceCents": 6725,
    "priceCents": 5918,
    "time": 1735689600000n,
    "tradeQuantity": 1384,
  },
  {
    "askCents": 186410,
    "askQuantity": 306,
    "bidCents": 186405,
    "bidQuantity": 478,
    "instrument": "KCYW",
    "lastPriceCents": 175854,
    "priceCents": 186405,
    "time": 1735689600000n,
    "tradeQuantity": 784,
  },
  {
    "askCents": 137298,
    "askQuantity": 362,
    "bidCents": 137283,
    "bidQuantity": 1297,
    "instrument": "XUVX",
    "lastPriceCents": 154251,
    "priceCents": 137283,
    "time": 1735689600000n,
    "tradeQuantity": 1659,
  },
]
`;

exports[`Should return same random instruments each run 1`] = `
[
  "QACP",
  "GRRG",
  "NRHG",
  "SFUA",
  "OXWH",
  "XUVX",
  "DIVK",
  "KCYW",
  "IXPF",
  "AEMY",
  "PCMV",
  "MJRB",
  "HNBX",
  "HMVM",
  "GYEG",
  "AEOM",
  "FYXG",
  "FIZO",
  "JZCU",
  "GUCH",
  "RSMV",
  "NBCN",
  "KZDV",
  "DOHW",
  "FZBR",
  "LGED",
  "SYTE",
  "IUNM",
  "ENHF",
  "JMFJ",
  "YKFF",
  "MLKP",
  "DGNR",
  "TQWU",
  "XRMP",
  "TNLJ",
  "PZWC",
  "PKQB",
  "YEOQ",
  "ZBDJ",
  "LKHC",
  "SPME",
  "IOIJ",
  "CITS",
  "DFEG",
  "KKFU",
  "ZSHX",
  "NOJF",
  "GQBA",
  "DXZD",
]
`;
