// Vitest Snapshot v1, https://vitest.dev/guide/snapshot.html

exports[`Should return same random instruments each run 1`] = `
[
  "QACP",
  "GRRG",
  "NRHG",
  "SFUA",
  "OXWH",
  "XUVX",
  "DIVK",
  "KCYW",
  "IXPF",
  "AEMY",
  "PCMV",
  "MJRB",
  "HNBX",
  "HMVM",
  "GYEG",
  "AEOM",
  "FYXG",
  "FIZO",
  "JZCU",
  "GUCH",
  "RSMV",
  "NBCN",
  "KZDV",
  "DOHW",
  "FZBR",
  "LGED",
  "SYTE",
  "IUNM",
  "ENHF",
  "JMFJ",
  "YKFF",
  "MLKP",
  "DGNR",
  "TQWU",
  "XRMP",
  "TNLJ",
  "PZWC",
  "PKQB",
  "YEOQ",
  "ZBDJ",
  "LKHC",
  "SPME",
  "IOIJ",
  "CITS",
  "DFEG",
  "KKFU",
  "ZSHX",
  "NOJF",
  "GQBA",
  "DXZD",
]
`;
