// Vitest Snapshot v1, https://vitest.dev/guide/snapshot.html

exports[`Generated updates should match the previous snapshot 1`] = `
[
  {
    "askCents": 31114,
    "askQuantity": 3149,
    "bidCents": 31106,
    "bidQuantity": 199,
    "instrument": "DIVK",
    "lastPriceCents": 35348,
    "priceCents": 31106,
    "time": 1735689600000n,
    "tradeQuantity": 3348,
  },
  {
    "askCents": 172503,
    "askQuantity": 2170,
    "bidCents": 172498,
    "bidQuantity": 1975,
    "instrument": "SFUA",
    "lastPriceCents": 200579,
    "priceCents": 172498,
    "time": 1735689600000n,
    "tradeQuantity": 4145,
  },
  {
    "askCents": 369157,
    "askQuantity": 1424,
    "bidCents": 369156,
    "bidQuantity": 1341,
    "instrument": "NRHG",
    "lastPriceCents": 384537,
    "priceCents": 369156,
    "time": 1735689600000n,
    "tradeQuantity": 2765,
  },
  {
    "askCents": 420842,
    "askQuantity": 46,
    "bidCents": 420838,
    "bidQuantity": 1521,
    "instrument": "NRHG",
    "lastPriceCents": 369156,
    "priceCents": 420838,
    "time": 1735689600000n,
    "tradeQuantity": 1567,
  },
  {
    "askCents": 145364,
    "askQuantity": 3564,
    "bidCents": 145352,
    "bidQuantity": 377,
    "instrument": "XUVX",
    "lastPriceCents": 143913,
    "priceCents": 145352,
    "time": 1735689600000n,
    "tradeQuantity": 3941,
  },
  {
    "askCents": 467138,
    "askQuantity": 2329,
    "bidCents": 467130,
    "bidQuantity": 172,
    "instrument": "NRHG",
    "lastPriceCents": 420838,
    "priceCents": 467138,
    "time": 1735689600000n,
    "tradeQuantity": 2501,
  },
  {
    "askCents": 177755,
    "askQuantity": 279,
    "bidCents": 177753,
    "bidQuantity": 363,
    "instrument": "QACP",
    "lastPriceCents": 209121,
    "priceCents": 177755,
    "time": 1735689600000n,
    "tradeQuantity": 642,
  },
  {
    "askCents": 481167,
    "askQuantity": 1788,
    "bidCents": 481152,
    "bidQuantity": 1491,
    "instrument": "NRHG",
    "lastPriceCents": 467138,
    "priceCents": 481152,
    "time": 1735689600000n,
    "tradeQuantity": 3279,
  },
  {
    "askCents": 476351,
    "askQuantity": 3121,
    "bidCents": 476340,
    "bidQuantity": 701,
    "instrument": "NRHG",
    "lastPriceCents": 481152,
    "priceCents": 476351,
    "time": 1735689600000n,
    "tradeQuantity": 3822,
  },
  {
    "askCents": 186306,
    "askQuantity": 1784,
    "bidCents": 186298,
    "bidQuantity": 786,
    "instrument": "SFUA",
    "lastPriceCents": 172498,
    "priceCents": 186298,
    "time": 1735689600000n,
    "tradeQuantity": 2570,
  },
  {
    "askCents": 443010,
    "askQuantity": 2787,
    "bidCents": 443006,
    "bidQuantity": 1847,
    "instrument": "NRHG",
    "lastPriceCents": 476351,
    "priceCents": 443006,
    "time": 1735689600000n,
    "tradeQuantity": 4634,
  },
  {
    "askCents": 412003,
    "askQuantity": 2502,
    "bidCents": 411996,
    "bidQuantity": 385,
    "instrument": "NRHG",
    "lastPriceCents": 443006,
    "priceCents": 411996,
    "time": 1735689600000n,
    "tradeQuantity": 2887,
  },
  {
    "askCents": 453208,
    "askQuantity": 960,
    "bidCents": 453196,
    "bidQuantity": 3368,
    "instrument": "NRHG",
    "lastPriceCents": 411996,
    "priceCents": 453208,
    "time": 1735689600000n,
    "tradeQuantity": 4328,
  },
  {
    "askCents": 240612,
    "askQuantity": 1368,
    "bidCents": 240600,
    "bidQuantity": 828,
    "instrument": "AEMY",
    "lastPriceCents": 264396,
    "priceCents": 240612,
    "time": 1735689600000n,
    "tradeQuantity": 2196,
  },
  {
    "askCents": 35463,
    "askQuantity": 727,
    "bidCents": 35461,
    "bidQuantity": 1265,
    "instrument": "DIVK",
    "lastPriceCents": 31106,
    "priceCents": 35463,
    "time": 1735689600000n,
    "tradeQuantity": 1992,
  },
  {
    "askCents": 183097,
    "askQuantity": 4625,
    "bidCents": 183088,
    "bidQuantity": 286,
    "instrument": "QACP",
    "lastPriceCents": 177755,
    "priceCents": 183097,
    "time": 1735689600000n,
    "tradeQuantity": 4911,
  },
  {
    "askCents": 137600,
    "askQuantity": 1490,
    "bidCents": 137595,
    "bidQuantity": 2075,
    "instrument": "GRRG",
    "lastPriceCents": 146378,
    "priceCents": 137595,
    "time": 1735689600000n,
    "tradeQuantity": 3565,
  },
  {
    "askCents": 65667,
    "askQuantity": 313,
    "bidCents": 65662,
    "bidQuantity": 154,
    "instrument": "OXWH",
    "lastPriceCents": 72156,
    "priceCents": 65662,
    "time": 1735689600000n,
    "tradeQuantity": 467,
  },
  {
    "askCents": 268656,
    "askQuantity": 1276,
    "bidCents": 268653,
    "bidQuantity": 802,
    "instrument": "KCYW",
    "lastPriceCents": 276962,
    "priceCents": 268653,
    "time": 1735689600000n,
    "tradeQuantity": 2078,
  },
  {
    "askCents": 521200,
    "askQuantity": 2181,
    "bidCents": 521189,
    "bidQuantity": 2321,
    "instrument": "NRHG",
    "lastPriceCents": 453208,
    "priceCents": 521189,
    "time": 1735689600000n,
    "tradeQuantity": 4502,
  },
  {
    "askCents": 140995,
    "askQuantity": 354,
    "bidCents": 140991,
    "bidQuantity": 9,
    "instrument": "XUVX",
    "lastPriceCents": 145352,
    "priceCents": 140995,
    "time": 1735689600000n,
    "tradeQuantity": 363,
  },
  {
    "askCents": 158236,
    "askQuantity": 1370,
    "bidCents": 158234,
    "bidQuantity": 2002,
    "instrument": "GRRG",
    "lastPriceCents": 137595,
    "priceCents": 158234,
    "time": 1735689600000n,
    "tradeQuantity": 3372,
  },
  {
    "askCents": 568097,
    "askQuantity": 685,
    "bidCents": 568096,
    "bidQuantity": 989,
    "instrument": "NRHG",
    "lastPriceCents": 521189,
    "priceCents": 568097,
    "time": 1735689600000n,
    "tradeQuantity": 1674,
  },
  {
    "askCents": 170288,
    "askQuantity": 11,
    "bidCents": 170280,
    "bidQuantity": 106,
    "instrument": "QACP",
    "lastPriceCents": 183097,
    "priceCents": 170288,
    "time": 1735689600000n,
    "tradeQuantity": 117,
  },
  {
    "askCents": 32983,
    "askQuantity": 3856,
    "bidCents": 32981,
    "bidQuantity": 858,
    "instrument": "DIVK",
    "lastPriceCents": 35463,
    "priceCents": 32981,
    "time": 1735689600000n,
    "tradeQuantity": 4714,
  },
  {
    "askCents": 273097,
    "askQuantity": 1240,
    "bidCents": 273087,
    "bidQuantity": 761,
    "instrument": "IXPF",
    "lastPriceCents": 296834,
    "priceCents": 273087,
    "time": 1735689600000n,
    "tradeQuantity": 2001,
  },
  {
    "askCents": 68301,
    "askQuantity": 901,
    "bidCents": 68288,
    "bidQuantity": 3996,
    "instrument": "OXWH",
    "lastPriceCents": 65662,
    "priceCents": 68288,
    "time": 1735689600000n,
    "tradeQuantity": 4897,
  },
  {
    "askCents": 276715,
    "askQuantity": 999,
    "bidCents": 276704,
    "bidQuantity": 194,
    "instrument": "AEMY",
    "lastPriceCents": 240612,
    "priceCents": 276704,
    "time": 1735689600000n,
    "tradeQuantity": 1193,
  },
  {
    "askCents": 252538,
    "askQuantity": 37,
    "bidCents": 252534,
    "bidQuantity": 105,
    "instrument": "KCYW",
    "lastPriceCents": 268653,
    "priceCents": 252534,
    "time": 1735689600000n,
    "tradeQuantity": 142,
  },
  {
    "askCents": 177114,
    "askQuantity": 390,
    "bidCents": 177100,
    "bidQuantity": 1626,
    "instrument": "QACP",
    "lastPriceCents": 170288,
    "priceCents": 177100,
    "time": 1735689600000n,
    "tradeQuantity": 2016,
  },
]
`;

exports[`Should return same random instruments each run 1`] = `
[
  "QACP",
  "GRRG",
  "NRHG",
  "SFUA",
  "OXWH",
  "XUVX",
  "DIVK",
  "KCYW",
  "IXPF",
  "AEMY",
  "PCMV",
  "MJRB",
  "HNBX",
  "HMVM",
  "GYEG",
  "AEOM",
  "FYXG",
  "FIZO",
  "JZCU",
  "GUCH",
  "RSMV",
  "NBCN",
  "KZDV",
  "DOHW",
  "FZBR",
  "LGED",
  "SYTE",
  "IUNM",
  "ENHF",
  "JMFJ",
  "YKFF",
  "MLKP",
  "DGNR",
  "TQWU",
  "XRMP",
  "TNLJ",
  "PZWC",
  "PKQB",
  "YEOQ",
  "ZBDJ",
  "LKHC",
  "SPME",
  "IOIJ",
  "CITS",
  "DFEG",
  "KKFU",
  "ZSHX",
  "NOJF",
  "GQBA",
  "DXZD",
]
`;
